// Jest Snapshot v1, https://goo.gl/fbAQLP

exports[`<Main /> should render the heading 1`] = `
<main
  class="styles__Wrapper-hezPq xIINp"
>
  <img
    alt="Imagem de um átomo e React Avançado escrito ao lado."
    class="styles__Logo-bSrzMK cTOTrm"
    src="/img/logo.svg"
  />
  <h1
    class="styles__Title-cLvJzd eXdJVt"
  >
    React Avançado
  </h1>
  <h2
    class="styles__Description-elWNsj fjFURb"
  >
    Typescript, ReactJS, NextJS e Styled Components
  </h2>
  <img
    alt="Um desenvolvedor de frente para uma tela com codigo"
    class="styles__Illustration-fyJYAl cfDSoR"
    src="/img/hero-illustration.svg"
  />
</main>
`
